C:\Users\Engin\Desktop\bitirme_git\MicroBlaze_XPS\implementation\system.ngc 1464085761
C:/Users/Engin/Desktop/bitirme_git/MicroBlaze_XPS/implementation/system_rs232_uart_1_wrapper.ngc 1464085566
C:/Users/Engin/Desktop/bitirme_git/MicroBlaze_XPS/implementation/system_proc_sys_reset_0_wrapper.ngc 1464085566
C:/Users/Engin/Desktop/bitirme_git/MicroBlaze_XPS/implementation/system_clock_generator_0_wrapper.ngc 1464085689
C:/Users/Engin/Desktop/bitirme_git/MicroBlaze_XPS/implementation/system_microblaze_0_ilmb_wrapper.ngc 1464085566
C:/Users/Engin/Desktop/bitirme_git/MicroBlaze_XPS/implementation/system_microblaze_0_dlmb_wrapper.ngc 1464085566
C:/Users/Engin/Desktop/bitirme_git/MicroBlaze_XPS/implementation/system_mcb_ddr2_wrapper.ngc 1464085566
C:/Users/Engin/Desktop/bitirme_git/MicroBlaze_XPS/implementation/system_axi4lite_0_wrapper.ngc 1464085699
C:/Users/Engin/Desktop/bitirme_git/MicroBlaze_XPS/implementation/system_axi4_0_wrapper.ngc 1464085566
C:/Users/Engin/Desktop/bitirme_git/MicroBlaze_XPS/implementation/system_microblaze_0_wrapper.ngc 1464085566
C:/Users/Engin/Desktop/bitirme_git/MicroBlaze_XPS/implementation/system_microblaze_0_i_bram_ctrl_wrapper.ngc 1464085566
C:/Users/Engin/Desktop/bitirme_git/MicroBlaze_XPS/implementation/system_microblaze_0_d_bram_ctrl_wrapper.ngc 1464085566
C:/Users/Engin/Desktop/bitirme_git/MicroBlaze_XPS/implementation/system_axi_intc_0_wrapper.ngc 1464085652
C:/Users/Engin/Desktop/bitirme_git/MicroBlaze_XPS/implementation/system_debug_module_wrapper.ngc 1464085566
C:/Users/Engin/Desktop/bitirme_git/MicroBlaze_XPS/implementation/system_qspi_flash_wrapper.ngc 1464085566
C:/Users/Engin/Desktop/bitirme_git/MicroBlaze_XPS/implementation/system_axi_timer_0_wrapper.ngc 1464085566
C:/Users/Engin/Desktop/bitirme_git/MicroBlaze_XPS/implementation/system_serial_adder_8_bit_0_wrapper.ngc 1464085676
C:/Users/Engin/Desktop/bitirme_git/MicroBlaze_XPS/implementation/system_microblaze_0_bram_block_wrapper.ngc 1464085566
OK
