MO SBA_test_v NULL SBA_test.v vlg6A/_s_b_a__test__v.bin 1456906370
MO FA NULL SerialAdder.v vlg1F/_f_a.bin 1463477254
MO HA NULL SerialAdder.v vlg29/_h_a.bin 1463424271
MO top_adder NULL top_adder.v vlg66/top__adder.bin 1462717038
MO SerialAdder NULL SerialAdder.v vlg34/_serial_adder.bin 1463477254
MO SBA NULL SBA.v vlg26/_s_b_a.bin 1456906370
