C:\Users\Engin\Desktop\bitirme_git\XPS_project\implementation\system.ngc 1465024614
C:/Users/Engin/Desktop/bitirme_git/XPS_project/implementation/system_rs232_uart_1_wrapper.ngc 1465023892
C:/Users/Engin/Desktop/bitirme_git/XPS_project/implementation/system_proc_sys_reset_0_wrapper.ngc 1465023596
C:/Users/Engin/Desktop/bitirme_git/XPS_project/implementation/system_clock_generator_0_wrapper.ngc 1465024512
C:/Users/Engin/Desktop/bitirme_git/XPS_project/implementation/system_microblaze_0_ilmb_wrapper.ngc 1465024478
C:/Users/Engin/Desktop/bitirme_git/XPS_project/implementation/system_microblaze_0_dlmb_wrapper.ngc 1465024489
C:/Users/Engin/Desktop/bitirme_git/XPS_project/implementation/system_mcb_ddr2_wrapper.ngc 1465024552
C:/Users/Engin/Desktop/bitirme_git/XPS_project/implementation/system_axi4lite_0_wrapper.ngc 1465024523
C:/Users/Engin/Desktop/bitirme_git/XPS_project/implementation/system_axi4_0_wrapper.ngc 1465024534
C:/Users/Engin/Desktop/bitirme_git/XPS_project/implementation/system_microblaze_0_wrapper.ngc 1465024501
C:/Users/Engin/Desktop/bitirme_git/XPS_project/implementation/system_microblaze_0_i_bram_ctrl_wrapper.ngc 1465023627
C:/Users/Engin/Desktop/bitirme_git/XPS_project/implementation/system_microblaze_0_d_bram_ctrl_wrapper.ngc 1465023654
C:/Users/Engin/Desktop/bitirme_git/XPS_project/implementation/system_axi_intc_0_wrapper.ngc 1465024431
C:/Users/Engin/Desktop/bitirme_git/XPS_project/implementation/system_debug_module_wrapper.ngc 1465023803
C:/Users/Engin/Desktop/bitirme_git/XPS_project/implementation/system_qspi_flash_wrapper.ngc 1465024542
C:/Users/Engin/Desktop/bitirme_git/XPS_project/implementation/system_axi_timer_0_wrapper.ngc 1465024405
C:/Users/Engin/Desktop/bitirme_git/XPS_project/implementation/system_serial_adder_8_bit_0_wrapper.ngc 1465024458
C:/Users/Engin/Desktop/bitirme_git/XPS_project/implementation/system_microblaze_0_bram_block_wrapper.ngc 1465023669
OK
