C:\Users\Engin\Desktop\bitirme_git\XPS_project\implementation\system.ngc 1464104259
C:/Users/Engin/Desktop/bitirme_git/XPS_project/implementation/system_rs232_uart_1_wrapper.ngc 1464103763
C:/Users/Engin/Desktop/bitirme_git/XPS_project/implementation/system_proc_sys_reset_0_wrapper.ngc 1464103427
C:/Users/Engin/Desktop/bitirme_git/XPS_project/implementation/system_clock_generator_0_wrapper.ngc 1464104180
C:/Users/Engin/Desktop/bitirme_git/XPS_project/implementation/system_microblaze_0_ilmb_wrapper.ngc 1464104148
C:/Users/Engin/Desktop/bitirme_git/XPS_project/implementation/system_microblaze_0_dlmb_wrapper.ngc 1464104158
C:/Users/Engin/Desktop/bitirme_git/XPS_project/implementation/system_mcb_ddr2_wrapper.ngc 1464104220
C:/Users/Engin/Desktop/bitirme_git/XPS_project/implementation/system_axi4lite_0_wrapper.ngc 1464104190
C:/Users/Engin/Desktop/bitirme_git/XPS_project/implementation/system_axi4_0_wrapper.ngc 1464104200
C:/Users/Engin/Desktop/bitirme_git/XPS_project/implementation/system_microblaze_0_wrapper.ngc 1464104169
C:/Users/Engin/Desktop/bitirme_git/XPS_project/implementation/system_microblaze_0_i_bram_ctrl_wrapper.ngc 1464103458
C:/Users/Engin/Desktop/bitirme_git/XPS_project/implementation/system_microblaze_0_d_bram_ctrl_wrapper.ngc 1464103490
C:/Users/Engin/Desktop/bitirme_git/XPS_project/implementation/system_axi_intc_0_wrapper.ngc 1464104114
C:/Users/Engin/Desktop/bitirme_git/XPS_project/implementation/system_debug_module_wrapper.ngc 1464103654
C:/Users/Engin/Desktop/bitirme_git/XPS_project/implementation/system_qspi_flash_wrapper.ngc 1464104211
C:/Users/Engin/Desktop/bitirme_git/XPS_project/implementation/system_axi_timer_0_wrapper.ngc 1464104092
C:/Users/Engin/Desktop/bitirme_git/XPS_project/implementation/system_serial_adder_8_bit_0_wrapper.ngc 1464104138
C:/Users/Engin/Desktop/bitirme_git/XPS_project/implementation/system_microblaze_0_bram_block_wrapper.ngc 1464103507
OK
