10:44:08 **** Build of project standalone_bsp_0 ****
make -k all 
libgen -hw ../XPS_project_hw_platform/system.xml\
	       -lp ../../XPS_project\
	       -pe microblaze_0 \
	       -log libgen.log \
	       system.mss
libgen
Xilinx EDK 14.7 Build EDK_P.20131013
Copyright (c) 1995-2012 Xilinx, Inc.  All rights reserved.

Command Line: libgen -hw ../XPS_project_hw_platform/system.xml -lp
../../XPS_project -pe microblaze_0 -log libgen.log system.mss 


Staging source files.
Running DRCs.
Running generate.
Running post_generate.
Running include - 'make -s include "COMPILER=mb-gcc" "ARCHIVER=mb-ar"
"COMPILER_FLAGS=-mlittle-endian -mno-xl-soft-mul -mxl-barrel-shift
-mxl-pattern-compare -mcpu=v8.50.c  -O2 -c" "EXTRA_COMPILER_FLAGS=-g
-ffunction-sections -fdata-sections"'.

Running libs - 'make -s libs "COMPILER=mb-gcc" "ARCHIVER=mb-ar"
"COMPILER_FLAGS=-mlittle-endian -mno-xl-soft-mul -mxl-barrel-shift
-mxl-pattern-compare -mcpu=v8.50.c  -O2 -c" "EXTRA_COMPILER_FLAGS=-g
-ffunction-sections -fdata-sections"'.
"Compiling common"
"Compiling standalone";
"Compiling intc"
"Compiling tmrctr"
"Compiling uartlite"
"Compiling bram"
"Compiling spi"
"Compiling serial_adder_8_bit"
"Compiling cpu"
Running execs_generate.
'Finished building libraries'
10:48:04 **** Build of configuration Debug for project serial_adder ****
make all 
'Building file: ../src/helloworld.c'
'Invoking: MicroBlaze gcc compiler'
mb-gcc -Wall -O0 -g3 -c -fmessage-length=0 -I../../standalone_bsp_0/microblaze_0/include -mlittle-endian -mxl-barrel-shift -mxl-pattern-compare -mcpu=v8.50.c -mno-xl-soft-mul -Wl,--no-relax -ffunction-sections -fdata-sections -MMD -MP -MF"src/helloworld.d" -MT"src/helloworld.d" -o "src/helloworld.o" "../src/helloworld.c"
'Finished building: ../src/helloworld.c'
' '
'Building file: ../src/platform.c'
'Invoking: MicroBlaze gcc compiler'
mb-gcc -Wall -O0 -g3 -c -fmessage-length=0 -I../../standalone_bsp_0/microblaze_0/include -mlittle-endian -mxl-barrel-shift -mxl-pattern-compare -mcpu=v8.50.c -mno-xl-soft-mul -Wl,--no-relax -ffunction-sections -fdata-sections -MMD -MP -MF"src/platform.d" -MT"src/platform.d" -o "src/platform.o" "../src/platform.c"
'Finished building: ../src/platform.c'
' '
'Building target: serial_adder.elf'
'Invoking: MicroBlaze gcc linker'
mb-gcc -Wl,-T -Wl,../src/lscript.ld -L../../standalone_bsp_0/microblaze_0/lib -mlittle-endian -mxl-barrel-shift -mxl-pattern-compare -mcpu=v8.50.c -mno-xl-soft-mul -Wl,--no-relax -Wl,--gc-sections -o "serial_adder.elf"  ./src/helloworld.o ./src/platform.o   -Wl,--start-group,-lxil,-lgcc,-lc,--end-group
'Finished building target: serial_adder.elf'
' '
'Invoking: MicroBlaze Print Size'
mb-size serial_adder.elf  |tee "serial_adder.elf.size"
   text	   data	    bss	    dec	    hex	filename
   2430	    316	   2084	   4830	   12de	serial_adder.elf
'Finished building: serial_adder.elf.size'
' '
'Invoking: Xilinx ELF Check'
elfcheck serial_adder.elf -hw ../../XPS_project_hw_platform/system.xml -pe microblaze_0  |tee "serial_adder.elf.elfcheck"
elfcheck
Xilinx EDK 14.7 Build EDK_P.20131013
Copyright (c) 1995-2012 Xilinx, Inc.  All rights reserved.

Command Line: elfcheck -hw ../../XPS_project_hw_platform/system.xml -pe
microblaze_0 serial_adder.elf 

ELF file	: serial_adder.elf
elfcheck passed.
'Finished building: serial_adder.elf.elfcheck'
' '
10:50:06 **** Auto Build of configuration Debug for project serial_adder ****
make all 
'Building file: ../src/helloworld.c'
'Invoking: MicroBlaze gcc compiler'
mb-gcc -Wall -O0 -g3 -c -fmessage-length=0 -I../../standalone_bsp_0/microblaze_0/include -mlittle-endian -mxl-barrel-shift -mxl-pattern-compare -mcpu=v8.50.c -mno-xl-soft-mul -Wl,--no-relax -ffunction-sections -fdata-sections -MMD -MP -MF"src/helloworld.d" -MT"src/helloworld.d" -o "src/helloworld.o" "../src/helloworld.c"
'Finished building: ../src/helloworld.c'
' '
'Building target: serial_adder.elf'
'Invoking: MicroBlaze gcc linker'
mb-gcc -Wl,-T -Wl,../src/lscript.ld -L../../standalone_bsp_0/microblaze_0/lib -mlittle-endian -mxl-barrel-shift -mxl-pattern-compare -mcpu=v8.50.c -mno-xl-soft-mul -Wl,--no-relax -Wl,--gc-sections -o "serial_adder.elf"  ./src/helloworld.o ./src/platform.o   -Wl,--start-group,-lxil,-lgcc,-lc,--end-group
'Finished building target: serial_adder.elf'
' '
'Invoking: MicroBlaze Print Size'
mb-size serial_adder.elf  |tee "serial_adder.elf.size"
   text	   data	    bss	    dec	    hex	filename
   7766	    324	   2244	  10334	   285e	serial_adder.elf
'Finished building: serial_adder.elf.size'
' '
'Invoking: Xilinx ELF Check'
elfcheck serial_adder.elf -hw ../../XPS_project_hw_platform/system.xml -pe microblaze_0  |tee "serial_adder.elf.elfcheck"
elfcheck
Xilinx EDK 14.7 Build EDK_P.20131013
Copyright (c) 1995-2012 Xilinx, Inc.  All rights reserved.

Command Line: elfcheck -hw ../../XPS_project_hw_platform/system.xml -pe
microblaze_0 serial_adder.elf 

ELF file	: serial_adder.elf
elfcheck passed.
'Finished building: serial_adder.elf.elfcheck'
' '
10:56:02 **** Auto Build of configuration Debug for project serial_adder ****
make all 
'Building file: ../src/helloworld.c'
'Invoking: MicroBlaze gcc compiler'
mb-gcc -Wall -O0 -g3 -c -fmessage-length=0 -I../../standalone_bsp_0/microblaze_0/include -mlittle-endian -mxl-barrel-shift -mxl-pattern-compare -mcpu=v8.50.c -mno-xl-soft-mul -Wl,--no-relax -ffunction-sections -fdata-sections -MMD -MP -MF"src/helloworld.d" -MT"src/helloworld.d" -o "src/helloworld.o" "../src/helloworld.c"
../src/helloworld.c: In function 'DeviceDriverHandler':
../src/helloworld.c:156:21: error: 'data' undeclared (first use in this function)
../src/helloworld.c:156:21: note: each undeclared identifier is reported only once for each function it appears in
../src/helloworld.c:157:12: warning: initialization from incompatible pointer type [enabled by default]
make: *** [src/helloworld.o] Hata 1
10:58:55 **** Auto Build of configuration Debug for project serial_adder ****
make all 
'Building file: ../src/helloworld.c'
'Invoking: MicroBlaze gcc compiler'
mb-gcc -Wall -O0 -g3 -c -fmessage-length=0 -I../../standalone_bsp_0/microblaze_0/include -mlittle-endian -mxl-barrel-shift -mxl-pattern-compare -mcpu=v8.50.c -mno-xl-soft-mul -Wl,--no-relax -ffunction-sections -fdata-sections -MMD -MP -MF"src/helloworld.d" -MT"src/helloworld.d" -o "src/helloworld.o" "../src/helloworld.c"
../src/helloworld.c: In function 'DeviceDriverHandler':
../src/helloworld.c:157:2: error: expected ',' or ';' before 'char'
../src/helloworld.c:158:10: error: 'str' undeclared (first use in this function)
../src/helloworld.c:158:10: note: each undeclared identifier is reported only once for each function it appears in
make: *** [src/helloworld.o] Hata 1
10:59:02 **** Auto Build of configuration Debug for project serial_adder ****
make all 
'Building file: ../src/helloworld.c'
'Invoking: MicroBlaze gcc compiler'
mb-gcc -Wall -O0 -g3 -c -fmessage-length=0 -I../../standalone_bsp_0/microblaze_0/include -mlittle-endian -mxl-barrel-shift -mxl-pattern-compare -mcpu=v8.50.c -mno-xl-soft-mul -Wl,--no-relax -ffunction-sections -fdata-sections -MMD -MP -MF"src/helloworld.d" -MT"src/helloworld.d" -o "src/helloworld.o" "../src/helloworld.c"
../src/helloworld.c: In function 'DeviceDriverHandler':
../src/helloworld.c:158:2: warning: format '%d' expects argument of type 'int', but argument 3 has type 'u32' [-Wformat]
../src/helloworld.c:158:2: warning: format '%d' expects argument of type 'int', but argument 3 has type 'u32' [-Wformat]
../src/helloworld.c:159:12: warning: initialization from incompatible pointer type [enabled by default]
'Finished building: ../src/helloworld.c'
' '
'Building target: serial_adder.elf'
'Invoking: MicroBlaze gcc linker'
mb-gcc -Wl,-T -Wl,../src/lscript.ld -L../../standalone_bsp_0/microblaze_0/lib -mlittle-endian -mxl-barrel-shift -mxl-pattern-compare -mcpu=v8.50.c -mno-xl-soft-mul -Wl,--no-relax -Wl,--gc-sections -o "serial_adder.elf"  ./src/helloworld.o ./src/platform.o   -Wl,--start-group,-lxil,-lgcc,-lc,--end-group
'Finished building target: serial_adder.elf'
' '
'Invoking: MicroBlaze Print Size'
mb-size serial_adder.elf  |tee "serial_adder.elf.size"
   text	   data	    bss	    dec	    hex	filename
  53420	   1488	   2308	  57216	   df80	serial_adder.elf
'Finished building: serial_adder.elf.size'
' '
'Invoking: Xilinx ELF Check'
elfcheck serial_adder.elf -hw ../../XPS_project_hw_platform/system.xml -pe microblaze_0  |tee "serial_adder.elf.elfcheck"
elfcheck
Xilinx EDK 14.7 Build EDK_P.20131013
Copyright (c) 1995-2012 Xilinx, Inc.  All rights reserved.

Command Line: elfcheck -hw ../../XPS_project_hw_platform/system.xml -pe
microblaze_0 serial_adder.elf 

ELF file	: serial_adder.elf
elfcheck passed.
'Finished building: serial_adder.elf.elfcheck'
' '
11:01:40 **** Auto Build of configuration Debug for project serial_adder ****
make all 
'Building file: ../src/helloworld.c'
'Invoking: MicroBlaze gcc compiler'
mb-gcc -Wall -O0 -g3 -c -fmessage-length=0 -I../../standalone_bsp_0/microblaze_0/include -mlittle-endian -mxl-barrel-shift -mxl-pattern-compare -mcpu=v8.50.c -mno-xl-soft-mul -Wl,--no-relax -ffunction-sections -fdata-sections -MMD -MP -MF"src/helloworld.d" -MT"src/helloworld.d" -o "src/helloworld.o" "../src/helloworld.c"
../src/helloworld.c: In function 'DeviceDriverHandler':
../src/helloworld.c:158:2: warning: format '%u' expects argument of type 'unsigned int', but argument 3 has type 'u32' [-Wformat]
../src/helloworld.c:158:2: warning: format '%u' expects argument of type 'unsigned int', but argument 3 has type 'u32' [-Wformat]
../src/helloworld.c:159:12: warning: initialization from incompatible pointer type [enabled by default]
'Finished building: ../src/helloworld.c'
' '
'Building target: serial_adder.elf'
'Invoking: MicroBlaze gcc linker'
mb-gcc -Wl,-T -Wl,../src/lscript.ld -L../../standalone_bsp_0/microblaze_0/lib -mlittle-endian -mxl-barrel-shift -mxl-pattern-compare -mcpu=v8.50.c -mno-xl-soft-mul -Wl,--no-relax -Wl,--gc-sections -o "serial_adder.elf"  ./src/helloworld.o ./src/platform.o   -Wl,--start-group,-lxil,-lgcc,-lc,--end-group
'Finished building target: serial_adder.elf'
' '
'Invoking: MicroBlaze Print Size'
mb-size serial_adder.elf  |tee "serial_adder.elf.size"
   text	   data	    bss	    dec	    hex	filename
  53420	   1488	   2308	  57216	   df80	serial_adder.elf
'Finished building: serial_adder.elf.size'
' '
'Invoking: Xilinx ELF Check'
elfcheck serial_adder.elf -hw ../../XPS_project_hw_platform/system.xml -pe microblaze_0  |tee "serial_adder.elf.elfcheck"
elfcheck
Xilinx EDK 14.7 Build EDK_P.20131013
Copyright (c) 1995-2012 Xilinx, Inc.  All rights reserved.

Command Line: elfcheck -hw ../../XPS_project_hw_platform/system.xml -pe
microblaze_0 serial_adder.elf 

ELF file	: serial_adder.elf
elfcheck passed.
'Finished building: serial_adder.elf.elfcheck'
' '
11:03:04 **** Auto Build of configuration Debug for project serial_adder ****
make all 
'Building file: ../src/helloworld.c'
'Invoking: MicroBlaze gcc compiler'
mb-gcc -Wall -O0 -g3 -c -fmessage-length=0 -I../../standalone_bsp_0/microblaze_0/include -mlittle-endian -mxl-barrel-shift -mxl-pattern-compare -mcpu=v8.50.c -mno-xl-soft-mul -Wl,--no-relax -ffunction-sections -fdata-sections -MMD -MP -MF"src/helloworld.d" -MT"src/helloworld.d" -o "src/helloworld.o" "../src/helloworld.c"
../src/helloworld.c: In function 'DeviceDriverHandler':
../src/helloworld.c:158:2: warning: conversion lacks type at end of format [-Wformat]
../src/helloworld.c:158:2: warning: too many arguments for format [-Wformat-extra-args]
../src/helloworld.c:158:2: warning: conversion lacks type at end of format [-Wformat]
../src/helloworld.c:158:2: warning: too many arguments for format [-Wformat-extra-args]
../src/helloworld.c:159:12: warning: initialization from incompatible pointer type [enabled by default]
'Finished building: ../src/helloworld.c'
' '
'Building target: serial_adder.elf'
'Invoking: MicroBlaze gcc linker'
mb-gcc -Wl,-T -Wl,../src/lscript.ld -L../../standalone_bsp_0/microblaze_0/lib -mlittle-endian -mxl-barrel-shift -mxl-pattern-compare -mcpu=v8.50.c -mno-xl-soft-mul -Wl,--no-relax -Wl,--gc-sections -o "serial_adder.elf"  ./src/helloworld.o ./src/platform.o   -Wl,--start-group,-lxil,-lgcc,-lc,--end-group
'Finished building target: serial_adder.elf'
' '
'Invoking: MicroBlaze Print Size'
mb-size serial_adder.elf  |tee "serial_adder.elf.size"
   text	   data	    bss	    dec	    hex	filename
  53424	   1488	   2304	  57216	   df80	serial_adder.elf
'Finished building: serial_adder.elf.size'
' '
'Invoking: Xilinx ELF Check'
elfcheck serial_adder.elf -hw ../../XPS_project_hw_platform/system.xml -pe microblaze_0  |tee "serial_adder.elf.elfcheck"
elfcheck
Xilinx EDK 14.7 Build EDK_P.20131013
Copyright (c) 1995-2012 Xilinx, Inc.  All rights reserved.

Command Line: elfcheck -hw ../../XPS_project_hw_platform/system.xml -pe
microblaze_0 serial_adder.elf 

ELF file	: serial_adder.elf
elfcheck passed.
'Finished building: serial_adder.elf.elfcheck'
' '
11:03:40 **** Auto Build of configuration Debug for project serial_adder ****
make all 
'Building file: ../src/helloworld.c'
'Invoking: MicroBlaze gcc compiler'
mb-gcc -Wall -O0 -g3 -c -fmessage-length=0 -I../../standalone_bsp_0/microblaze_0/include -mlittle-endian -mxl-barrel-shift -mxl-pattern-compare -mcpu=v8.50.c -mno-xl-soft-mul -Wl,--no-relax -ffunction-sections -fdata-sections -MMD -MP -MF"src/helloworld.d" -MT"src/helloworld.d" -o "src/helloworld.o" "../src/helloworld.c"
../src/helloworld.c: In function 'DeviceDriverHandler':
../src/helloworld.c:159:12: warning: initialization from incompatible pointer type [enabled by default]
'Finished building: ../src/helloworld.c'
' '
'Building target: serial_adder.elf'
'Invoking: MicroBlaze gcc linker'
mb-gcc -Wl,-T -Wl,../src/lscript.ld -L../../standalone_bsp_0/microblaze_0/lib -mlittle-endian -mxl-barrel-shift -mxl-pattern-compare -mcpu=v8.50.c -mno-xl-soft-mul -Wl,--no-relax -Wl,--gc-sections -o "serial_adder.elf"  ./src/helloworld.o ./src/platform.o   -Wl,--start-group,-lxil,-lgcc,-lc,--end-group
'Finished building target: serial_adder.elf'
' '
'Invoking: MicroBlaze Print Size'
mb-size serial_adder.elf  |tee "serial_adder.elf.size"
   text	   data	    bss	    dec	    hex	filename
  53420	   1488	   2308	  57216	   df80	serial_adder.elf
'Finished building: serial_adder.elf.size'
' '
'Invoking: Xilinx ELF Check'
elfcheck serial_adder.elf -hw ../../XPS_project_hw_platform/system.xml -pe microblaze_0  |tee "serial_adder.elf.elfcheck"
elfcheck
Xilinx EDK 14.7 Build EDK_P.20131013
Copyright (c) 1995-2012 Xilinx, Inc.  All rights reserved.

Command Line: elfcheck -hw ../../XPS_project_hw_platform/system.xml -pe
microblaze_0 serial_adder.elf 

ELF file	: serial_adder.elf
elfcheck passed.
'Finished building: serial_adder.elf.elfcheck'
' '
11:04:30 **** Auto Build of configuration Debug for project serial_adder ****
make all 
'Building file: ../src/helloworld.c'
'Invoking: MicroBlaze gcc compiler'
mb-gcc -Wall -O0 -g3 -c -fmessage-length=0 -I../../standalone_bsp_0/microblaze_0/include -mlittle-endian -mxl-barrel-shift -mxl-pattern-compare -mcpu=v8.50.c -mno-xl-soft-mul -Wl,--no-relax -ffunction-sections -fdata-sections -MMD -MP -MF"src/helloworld.d" -MT"src/helloworld.d" -o "src/helloworld.o" "../src/helloworld.c"
../src/helloworld.c: In function 'DeviceDriverHandler':
../src/helloworld.c:159:12: warning: initialization from incompatible pointer type [enabled by default]
../src/helloworld.c:159:8: warning: unused variable 'a' [-Wunused-variable]
'Finished building: ../src/helloworld.c'
' '
'Building target: serial_adder.elf'
'Invoking: MicroBlaze gcc linker'
mb-gcc -Wl,-T -Wl,../src/lscript.ld -L../../standalone_bsp_0/microblaze_0/lib -mlittle-endian -mxl-barrel-shift -mxl-pattern-compare -mcpu=v8.50.c -mno-xl-soft-mul -Wl,--no-relax -Wl,--gc-sections -o "serial_adder.elf"  ./src/helloworld.o ./src/platform.o   -Wl,--start-group,-lxil,-lgcc,-lc,--end-group
'Finished building target: serial_adder.elf'
' '
'Invoking: MicroBlaze Print Size'
mb-size serial_adder.elf  |tee "serial_adder.elf.size"
   text	   data	    bss	    dec	    hex	filename
  53424	   1488	   2304	  57216	   df80	serial_adder.elf
'Finished building: serial_adder.elf.size'
' '
'Invoking: Xilinx ELF Check'
elfcheck serial_adder.elf -hw ../../XPS_project_hw_platform/system.xml -pe microblaze_0  |tee "serial_adder.elf.elfcheck"
elfcheck
Xilinx EDK 14.7 Build EDK_P.20131013
Copyright (c) 1995-2012 Xilinx, Inc.  All rights reserved.

Command Line: elfcheck -hw ../../XPS_project_hw_platform/system.xml -pe
microblaze_0 serial_adder.elf 

ELF file	: serial_adder.elf
elfcheck passed.
'Finished building: serial_adder.elf.elfcheck'
' '
11:05:01 **** Auto Build of configuration Debug for project serial_adder ****
make all 
'Building file: ../src/helloworld.c'
'Invoking: MicroBlaze gcc compiler'
mb-gcc -Wall -O0 -g3 -c -fmessage-length=0 -I../../standalone_bsp_0/microblaze_0/include -mlittle-endian -mxl-barrel-shift -mxl-pattern-compare -mcpu=v8.50.c -mno-xl-soft-mul -Wl,--no-relax -ffunction-sections -fdata-sections -MMD -MP -MF"src/helloworld.d" -MT"src/helloworld.d" -o "src/helloworld.o" "../src/helloworld.c"
'Finished building: ../src/helloworld.c'
' '
'Building target: serial_adder.elf'
'Invoking: MicroBlaze gcc linker'
mb-gcc -Wl,-T -Wl,../src/lscript.ld -L../../standalone_bsp_0/microblaze_0/lib -mlittle-endian -mxl-barrel-shift -mxl-pattern-compare -mcpu=v8.50.c -mno-xl-soft-mul -Wl,--no-relax -Wl,--gc-sections -o "serial_adder.elf"  ./src/helloworld.o ./src/platform.o   -Wl,--start-group,-lxil,-lgcc,-lc,--end-group
'Finished building target: serial_adder.elf'
' '
'Invoking: MicroBlaze Print Size'
mb-size serial_adder.elf  |tee "serial_adder.elf.size"
   text	   data	    bss	    dec	    hex	filename
  53416	   1488	   2304	  57208	   df78	serial_adder.elf
'Finished building: serial_adder.elf.size'
' '
'Invoking: Xilinx ELF Check'
elfcheck serial_adder.elf -hw ../../XPS_project_hw_platform/system.xml -pe microblaze_0  |tee "serial_adder.elf.elfcheck"
elfcheck
Xilinx EDK 14.7 Build EDK_P.20131013
Copyright (c) 1995-2012 Xilinx, Inc.  All rights reserved.

Command Line: elfcheck -hw ../../XPS_project_hw_platform/system.xml -pe
microblaze_0 serial_adder.elf 

ELF file	: serial_adder.elf
elfcheck passed.
'Finished building: serial_adder.elf.elfcheck'
' '
11:09:54 **** Auto Build of configuration Debug for project serial_adder ****
make all 
'Building file: ../src/helloworld.c'
'Invoking: MicroBlaze gcc compiler'
mb-gcc -Wall -O0 -g3 -c -fmessage-length=0 -I../../standalone_bsp_0/microblaze_0/include -mlittle-endian -mxl-barrel-shift -mxl-pattern-compare -mcpu=v8.50.c -mno-xl-soft-mul -Wl,--no-relax -ffunction-sections -fdata-sections -MMD -MP -MF"src/helloworld.d" -MT"src/helloworld.d" -o "src/helloworld.o" "../src/helloworld.c"
'Finished building: ../src/helloworld.c'
' '
'Building target: serial_adder.elf'
'Invoking: MicroBlaze gcc linker'
mb-gcc -Wl,-T -Wl,../src/lscript.ld -L../../standalone_bsp_0/microblaze_0/lib -mlittle-endian -mxl-barrel-shift -mxl-pattern-compare -mcpu=v8.50.c -mno-xl-soft-mul -Wl,--no-relax -Wl,--gc-sections -o "serial_adder.elf"  ./src/helloworld.o ./src/platform.o   -Wl,--start-group,-lxil,-lgcc,-lc,--end-group
'Finished building target: serial_adder.elf'
' '
'Invoking: MicroBlaze Print Size'
mb-size serial_adder.elf  |tee "serial_adder.elf.size"
   text	   data	    bss	    dec	    hex	filename
  53416	   1488	   2304	  57208	   df78	serial_adder.elf
'Finished building: serial_adder.elf.size'
' '
'Invoking: Xilinx ELF Check'
elfcheck serial_adder.elf -hw ../../XPS_project_hw_platform/system.xml -pe microblaze_0  |tee "serial_adder.elf.elfcheck"
elfcheck
Xilinx EDK 14.7 Build EDK_P.20131013
Copyright (c) 1995-2012 Xilinx, Inc.  All rights reserved.

Command Line: elfcheck -hw ../../XPS_project_hw_platform/system.xml -pe
microblaze_0 serial_adder.elf 

ELF file	: serial_adder.elf
elfcheck passed.
'Finished building: serial_adder.elf.elfcheck'
' '
11:10:47 **** Auto Build of configuration Debug for project serial_adder ****
make all 
'Building file: ../src/helloworld.c'
'Invoking: MicroBlaze gcc compiler'
mb-gcc -Wall -O0 -g3 -c -fmessage-length=0 -I../../standalone_bsp_0/microblaze_0/include -mlittle-endian -mxl-barrel-shift -mxl-pattern-compare -mcpu=v8.50.c -mno-xl-soft-mul -Wl,--no-relax -ffunction-sections -fdata-sections -MMD -MP -MF"src/helloworld.d" -MT"src/helloworld.d" -o "src/helloworld.o" "../src/helloworld.c"
'Finished building: ../src/helloworld.c'
' '
'Building target: serial_adder.elf'
'Invoking: MicroBlaze gcc linker'
mb-gcc -Wl,-T -Wl,../src/lscript.ld -L../../standalone_bsp_0/microblaze_0/lib -mlittle-endian -mxl-barrel-shift -mxl-pattern-compare -mcpu=v8.50.c -mno-xl-soft-mul -Wl,--no-relax -Wl,--gc-sections -o "serial_adder.elf"  ./src/helloworld.o ./src/platform.o   -Wl,--start-group,-lxil,-lgcc,-lc,--end-group
'Finished building target: serial_adder.elf'
' '
'Invoking: MicroBlaze Print Size'
mb-size serial_adder.elf  |tee "serial_adder.elf.size"
   text	   data	    bss	    dec	    hex	filename
  53420	   1488	   2308	  57216	   df80	serial_adder.elf
'Finished building: serial_adder.elf.size'
' '
'Invoking: Xilinx ELF Check'
elfcheck serial_adder.elf -hw ../../XPS_project_hw_platform/system.xml -pe microblaze_0  |tee "serial_adder.elf.elfcheck"
elfcheck
Xilinx EDK 14.7 Build EDK_P.20131013
Copyright (c) 1995-2012 Xilinx, Inc.  All rights reserved.

Command Line: elfcheck -hw ../../XPS_project_hw_platform/system.xml -pe
microblaze_0 serial_adder.elf 

ELF file	: serial_adder.elf
elfcheck passed.
'Finished building: serial_adder.elf.elfcheck'
' '
11:12:45 **** Auto Build of project standalone_bsp_0 ****
make -k all 
'Finished building libraries'
11:12:57 **** Incremental Build of configuration Debug for project serial_adder ****
make all 
make: `all' için hiçbir þey yapýlmadý.
11:13:35 **** Incremental Build of configuration Debug for project serial_adder ****
make all 
make: `all' için hiçbir þey yapýlmadý.
12:09:57 **** Clean-only build of configuration Debug for project serial_adder ****
make clean 
rm -rf  ./src/helloworld.o ./src/platform.o  ./src/helloworld.d ./src/platform.d  serial_adder.elf.size  serial_adder.elf.elfcheck  serial_adder.elf
' '
12:09:58 **** Auto Build of configuration Debug for project serial_adder ****
make all 
'Building file: ../src/helloworld.c'
'Invoking: MicroBlaze gcc compiler'
mb-gcc -Wall -O0 -g3 -c -fmessage-length=0 -I../../standalone_bsp_0/microblaze_0/include -mlittle-endian -mxl-barrel-shift -mxl-pattern-compare -mcpu=v8.50.c -mno-xl-soft-mul -Wl,--no-relax -ffunction-sections -fdata-sections -MMD -MP -MF"src/helloworld.d" -MT"src/helloworld.d" -o "src/helloworld.o" "../src/helloworld.c"
'Finished building: ../src/helloworld.c'
' '
'Building file: ../src/platform.c'
'Invoking: MicroBlaze gcc compiler'
mb-gcc -Wall -O0 -g3 -c -fmessage-length=0 -I../../standalone_bsp_0/microblaze_0/include -mlittle-endian -mxl-barrel-shift -mxl-pattern-compare -mcpu=v8.50.c -mno-xl-soft-mul -Wl,--no-relax -ffunction-sections -fdata-sections -MMD -MP -MF"src/platform.d" -MT"src/platform.d" -o "src/platform.o" "../src/platform.c"
'Finished building: ../src/platform.c'
' '
'Building target: serial_adder.elf'
'Invoking: MicroBlaze gcc linker'
mb-gcc -Wl,-T -Wl,../src/lscript.ld -L../../standalone_bsp_0/microblaze_0/lib -mlittle-endian -mxl-barrel-shift -mxl-pattern-compare -mcpu=v8.50.c -mno-xl-soft-mul -Wl,--no-relax -Wl,--gc-sections -o "serial_adder.elf"  ./src/helloworld.o ./src/platform.o   -Wl,--start-group,-lxil,-lgcc,-lc,--end-group
'Finished building target: serial_adder.elf'
' '
'Invoking: MicroBlaze Print Size'
mb-size serial_adder.elf  |tee "serial_adder.elf.size"
   text	   data	    bss	    dec	    hex	filename
  53420	   1488	   2308	  57216	   df80	serial_adder.elf
'Finished building: serial_adder.elf.size'
' '
'Invoking: Xilinx ELF Check'
elfcheck serial_adder.elf -hw ../../XPS_project_hw_platform/system.xml -pe microblaze_0  |tee "serial_adder.elf.elfcheck"
elfcheck
Xilinx EDK 14.7 Build EDK_P.20131013
Copyright (c) 1995-2012 Xilinx, Inc.  All rights reserved.

Command Line: elfcheck -hw ../../XPS_project_hw_platform/system.xml -pe
microblaze_0 serial_adder.elf 

ELF file	: serial_adder.elf
elfcheck passed.
'Finished building: serial_adder.elf.elfcheck'
' '
12:10:29 **** Auto Build of project standalone_bsp_0 ****
make -k all 
'Finished building libraries'
12:10:46 **** Incremental Build of configuration Debug for project serial_adder ****
make all 
make: `all' için hiçbir þey yapýlmadý.
12:11:36 **** Auto Build of configuration Debug for project serial_adder ****
make all 
'Building file: ../src/helloworld.c'
'Invoking: MicroBlaze gcc compiler'
mb-gcc -Wall -O0 -g3 -c -fmessage-length=0 -I../../standalone_bsp_0/microblaze_0/include -mlittle-endian -mxl-barrel-shift -mxl-pattern-compare -mcpu=v8.50.c -mno-xl-soft-mul -Wl,--no-relax -ffunction-sections -fdata-sections -MMD -MP -MF"src/helloworld.d" -MT"src/helloworld.d" -o "src/helloworld.o" "../src/helloworld.c"
'Finished building: ../src/helloworld.c'
' '
'Building target: serial_adder.elf'
'Invoking: MicroBlaze gcc linker'
mb-gcc -Wl,-T -Wl,../src/lscript.ld -L../../standalone_bsp_0/microblaze_0/lib -mlittle-endian -mxl-barrel-shift -mxl-pattern-compare -mcpu=v8.50.c -mno-xl-soft-mul -Wl,--no-relax -Wl,--gc-sections -o "serial_adder.elf"  ./src/helloworld.o ./src/platform.o   -Wl,--start-group,-lxil,-lgcc,-lc,--end-group
'Finished building target: serial_adder.elf'
' '
'Invoking: MicroBlaze Print Size'
mb-size serial_adder.elf  |tee "serial_adder.elf.size"
   text	   data	    bss	    dec	    hex	filename
  53492	   1488	   2308	  57288	   dfc8	serial_adder.elf
'Finished building: serial_adder.elf.size'
' '
'Invoking: Xilinx ELF Check'
elfcheck serial_adder.elf -hw ../../XPS_project_hw_platform/system.xml -pe microblaze_0  |tee "serial_adder.elf.elfcheck"
elfcheck
Xilinx EDK 14.7 Build EDK_P.20131013
Copyright (c) 1995-2012 Xilinx, Inc.  All rights reserved.

Command Line: elfcheck -hw ../../XPS_project_hw_platform/system.xml -pe
microblaze_0 serial_adder.elf 

ELF file	: serial_adder.elf
elfcheck passed.
'Finished building: serial_adder.elf.elfcheck'
' '
12:11:42 **** Incremental Build of configuration Debug for project serial_adder ****
make all 
make: `all' için hiçbir þey yapýlmadý.
12:11:58 **** Auto Build of configuration Debug for project serial_adder ****
make all 
'Building file: ../src/helloworld.c'
'Invoking: MicroBlaze gcc compiler'
mb-gcc -Wall -O0 -g3 -c -fmessage-length=0 -I../../standalone_bsp_0/microblaze_0/include -mlittle-endian -mxl-barrel-shift -mxl-pattern-compare -mcpu=v8.50.c -mno-xl-soft-mul -Wl,--no-relax -ffunction-sections -fdata-sections -MMD -MP -MF"src/helloworld.d" -MT"src/helloworld.d" -o "src/helloworld.o" "../src/helloworld.c"
'Finished building: ../src/helloworld.c'
' '
'Building target: serial_adder.elf'
'Invoking: MicroBlaze gcc linker'
mb-gcc -Wl,-T -Wl,../src/lscript.ld -L../../standalone_bsp_0/microblaze_0/lib -mlittle-endian -mxl-barrel-shift -mxl-pattern-compare -mcpu=v8.50.c -mno-xl-soft-mul -Wl,--no-relax -Wl,--gc-sections -o "serial_adder.elf"  ./src/helloworld.o ./src/platform.o   -Wl,--start-group,-lxil,-lgcc,-lc,--end-group
'Finished building target: serial_adder.elf'
' '
'Invoking: MicroBlaze Print Size'
mb-size serial_adder.elf  |tee "serial_adder.elf.size"
   text	   data	    bss	    dec	    hex	filename
  53420	   1488	   2308	  57216	   df80	serial_adder.elf
'Finished building: serial_adder.elf.size'
' '
'Invoking: Xilinx ELF Check'
elfcheck serial_adder.elf -hw ../../XPS_project_hw_platform/system.xml -pe microblaze_0  |tee "serial_adder.elf.elfcheck"
elfcheck
Xilinx EDK 14.7 Build EDK_P.20131013
Copyright (c) 1995-2012 Xilinx, Inc.  All rights reserved.

Command Line: elfcheck -hw ../../XPS_project_hw_platform/system.xml -pe
microblaze_0 serial_adder.elf 

ELF file	: serial_adder.elf
elfcheck passed.
'Finished building: serial_adder.elf.elfcheck'
' '
12:12:05 **** Incremental Build of configuration Debug for project serial_adder ****
make all 
make: `all' için hiçbir þey yapýlmadý.
