19:55:00 **** Build of project serial_Adder_bsp ****
make -k all 
libgen -hw ../XPS_project_hw_platform/system.xml\
	       -lp ../../XPS_project\
	       -pe microblaze_0 \
	       -log libgen.log \
	       system.mss
libgen
Xilinx EDK 14.7 Build EDK_P.20131013
Copyright (c) 1995-2012 Xilinx, Inc.  All rights reserved.

Command Line: libgen -hw ../XPS_project_hw_platform/system.xml -lp
../../XPS_project -pe microblaze_0 -log libgen.log system.mss 


Staging source files.
Running DRCs.
Running generate.
Running post_generate.
Running include - 'make -s include "COMPILER=mb-gcc" "ARCHIVER=mb-ar"
"COMPILER_FLAGS=-mlittle-endian -mno-xl-soft-mul -mxl-barrel-shift
-mxl-pattern-compare -mcpu=v8.50.c  -O2 -c" "EXTRA_COMPILER_FLAGS=-g
-ffunction-sections -fdata-sections"'.

Running libs - 'make -s libs "COMPILER=mb-gcc" "ARCHIVER=mb-ar"
"COMPILER_FLAGS=-mlittle-endian -mno-xl-soft-mul -mxl-barrel-shift
-mxl-pattern-compare -mcpu=v8.50.c  -O2 -c" "EXTRA_COMPILER_FLAGS=-g
-ffunction-sections -fdata-sections"'.
"Compiling common"
"Compiling standalone";
"Compiling intc"
"Compiling tmrctr"
"Compiling uartlite"
"Compiling bram"
"Compiling spi"
"Compiling serial_adder_8_bit"
serial_adder_8_bit_selftest.c: In function 'SERIAL_ADDER_8_BIT_SelfTest':
serial_adder_8_bit_selftest.c:70:50: error: 'SERIAL_ADDER_8_BIT_USER_NUM_REG' undeclared (first use in this function)
serial_adder_8_bit_selftest.c:70:50: note: each undeclared identifier is reported only once for each function it appears in
make[1]: *** [libs] Hata 1
"Compiling cpu"
ERROR:EDK:369 -  make failed for target "libs" 
ERROR:EDK:3418 - Error(s) while running make.
make: *** [microblaze_0/lib/libxil.a] Hata 2
make: Hedef `all' hatalardan dolayý yeniden derlenemez.
19:58:01 **** Build of configuration Debug for project Serial_Adder ****
make all 
'Building file: ../src/platform.c'
'Invoking: MicroBlaze gcc compiler'
mb-gcc -Wall -O0 -g3 -c -fmessage-length=0 -I../../serial_Adder_bsp/microblaze_0/include -mlittle-endian -mxl-barrel-shift -mxl-pattern-compare -mcpu=v8.50.c -mno-xl-soft-mul -Wl,--no-relax -ffunction-sections -fdata-sections -MMD -MP -MF"src/platform.d" -MT"src/platform.d" -o "src/platform.o" "../src/platform.c"
'Finished building: ../src/platform.c'
' '
'Building target: Serial_Adder.elf'
'Invoking: MicroBlaze gcc linker'
mb-gcc -Wl,-T -Wl,../src/lscript.ld -L../../serial_Adder_bsp/microblaze_0/lib -mlittle-endian -mxl-barrel-shift -mxl-pattern-compare -mcpu=v8.50.c -mno-xl-soft-mul -Wl,--no-relax -Wl,--gc-sections -o "Serial_Adder.elf"  ./src/platform.o   -Wl,--start-group,-lxil,-lgcc,-lc,--end-group
e:/xilinx_edk/14.7/ise_ds/edk/gnu/microblaze/nt/bin/../lib/gcc/microblaze-xilinx-elf/4.6.4/../../../../microblaze-xilinx-elf/lib/bs/m/le/crtinit.o: In function `_crtinit':
/wrk/ptx/users/nagaraju/GCC_2013_03/newlib/libgloss/microblaze/crtinit.S:69: undefined reference to `main'
collect2: ld returned 1 exit status
make: *** [Serial_Adder.elf] Hata 1
19:58:12 **** Clean-only build of configuration Debug for project Serial_Adder ****
make clean 
rm -rf  ./src/platform.o  ./src/platform.d  Serial_Adder.elf.size  Serial_Adder.elf.elfcheck  Serial_Adder.elf
' '
19:58:12 **** Auto Build of configuration Debug for project Serial_Adder ****
make all 
'Building file: ../src/adder.c'
'Invoking: MicroBlaze gcc compiler'
mb-gcc -Wall -O0 -g3 -c -fmessage-length=0 -I../../serial_Adder_bsp/microblaze_0/include -mlittle-endian -mxl-barrel-shift -mxl-pattern-compare -mcpu=v8.50.c -mno-xl-soft-mul -Wl,--no-relax -ffunction-sections -fdata-sections -MMD -MP -MF"src/adder.d" -MT"src/adder.d" -o "src/adder.o" "../src/adder.c"
'Finished building: ../src/adder.c'
' '
'Building file: ../src/platform.c'
'Invoking: MicroBlaze gcc compiler'
mb-gcc -Wall -O0 -g3 -c -fmessage-length=0 -I../../serial_Adder_bsp/microblaze_0/include -mlittle-endian -mxl-barrel-shift -mxl-pattern-compare -mcpu=v8.50.c -mno-xl-soft-mul -Wl,--no-relax -ffunction-sections -fdata-sections -MMD -MP -MF"src/platform.d" -MT"src/platform.d" -o "src/platform.o" "../src/platform.c"
'Finished building: ../src/platform.c'
' '
'Building target: Serial_Adder.elf'
'Invoking: MicroBlaze gcc linker'
mb-gcc -Wl,-T -Wl,../src/lscript.ld -L../../serial_Adder_bsp/microblaze_0/lib -mlittle-endian -mxl-barrel-shift -mxl-pattern-compare -mcpu=v8.50.c -mno-xl-soft-mul -Wl,--no-relax -Wl,--gc-sections -o "Serial_Adder.elf"  ./src/adder.o ./src/platform.o   -Wl,--start-group,-lxil,-lgcc,-lc,--end-group
e:/xilinx_edk/14.7/ise_ds/edk/gnu/microblaze/nt/bin/../lib/gcc/microblaze-xilinx-elf/4.6.4/../../../../microblaze-xilinx-elf/lib/bs/m/le\libxil.a(print.o): In function `print':
/wrk/ptx/users/nagaraju/GCC_2013_03/newlib/libgloss/microblaze/print.c:25: undefined reference to `outbyte'
./src/platform.o: In function `enable_caches':
C:\Users\Engin\Desktop\bitirme_git\SDK_Adder\Serial_Adder\Debug/../src/platform.c:80: undefined reference to `microblaze_enable_icache'
C:\Users\Engin\Desktop\bitirme_git\SDK_Adder\Serial_Adder\Debug/../src/platform.c:80: undefined reference to `microblaze_enable_dcache'
collect2: ld returned 1 exit status
make: *** [Serial_Adder.elf] Hata 1
19:59:49 **** Auto Build of project serial_Adder_bsp ****
make -k all 
libgen -hw ../XPS_project_hw_platform/system.xml\
	       -lp ../../XPS_project\
	       -pe microblaze_0 \
	       -log libgen.log \
	       system.mss
libgen
Xilinx EDK 14.7 Build EDK_P.20131013
Copyright (c) 1995-2012 Xilinx, Inc.  All rights reserved.

Command Line: libgen -hw ../XPS_project_hw_platform/system.xml -lp
../../XPS_project -pe microblaze_0 -log libgen.log system.mss 


Staging source files.
Running DRCs.
Running generate.
Running post_generate.
Running include - 'make -s include "COMPILER=mb-gcc" "ARCHIVER=mb-ar"
"COMPILER_FLAGS=-mlittle-endian -mno-xl-soft-mul -mxl-barrel-shift
-mxl-pattern-compare -mcpu=v8.50.c  -O2 -c" "EXTRA_COMPILER_FLAGS=-g
-ffunction-sections -fdata-sections"'.

Running libs - 'make -s libs "COMPILER=mb-gcc" "ARCHIVER=mb-ar"
"COMPILER_FLAGS=-mlittle-endian -mno-xl-soft-mul -mxl-barrel-shift
-mxl-pattern-compare -mcpu=v8.50.c  -O2 -c" "EXTRA_COMPILER_FLAGS=-g
-ffunction-sections -fdata-sections"'.
"Compiling common"
"Compiling standalone";
"Compiling intc"
"Compiling tmrctr"
"Compiling uartlite"
"Compiling bram"
"Compiling spi"
"Compiling serial_adder_8_bit"
"Compiling cpu"
Running execs_generate.
'Finished building libraries'
20:00:19 **** Auto Build of configuration Debug for project Serial_Adder ****
make all 
'Building target: Serial_Adder.elf'
'Invoking: MicroBlaze gcc linker'
mb-gcc -Wl,-T -Wl,../src/lscript.ld -L../../serial_Adder_bsp/microblaze_0/lib -mlittle-endian -mxl-barrel-shift -mxl-pattern-compare -mcpu=v8.50.c -mno-xl-soft-mul -Wl,--no-relax -Wl,--gc-sections -o "Serial_Adder.elf"  ./src/adder.o ./src/platform.o   -Wl,--start-group,-lxil,-lgcc,-lc,--end-group
'Finished building target: Serial_Adder.elf'
' '
'Invoking: MicroBlaze Print Size'
mb-size Serial_Adder.elf  |tee "Serial_Adder.elf.size"
   text	   data	    bss	    dec	    hex	filename
   2430	    316	   2084	   4830	   12de	Serial_Adder.elf
'Finished building: Serial_Adder.elf.size'
' '
'Invoking: Xilinx ELF Check'
elfcheck Serial_Adder.elf -hw ../../XPS_project_hw_platform/system.xml -pe microblaze_0  |tee "Serial_Adder.elf.elfcheck"
elfcheck
Xilinx EDK 14.7 Build EDK_P.20131013
Copyright (c) 1995-2012 Xilinx, Inc.  All rights reserved.

Command Line: elfcheck -hw ../../XPS_project_hw_platform/system.xml -pe
microblaze_0 Serial_Adder.elf 

ELF file	: Serial_Adder.elf
elfcheck passed.
'Finished building: Serial_Adder.elf.elfcheck'
' '
20:00:54 **** Auto Build of configuration Debug for project Serial_Adder ****
make all 
'Building file: ../src/adder.c'
'Invoking: MicroBlaze gcc compiler'
mb-gcc -Wall -O0 -g3 -c -fmessage-length=0 -I../../serial_Adder_bsp/microblaze_0/include -mlittle-endian -mxl-barrel-shift -mxl-pattern-compare -mcpu=v8.50.c -mno-xl-soft-mul -Wl,--no-relax -ffunction-sections -fdata-sections -MMD -MP -MF"src/adder.d" -MT"src/adder.d" -o "src/adder.o" "../src/adder.c"
'Finished building: ../src/adder.c'
' '
'Building target: Serial_Adder.elf'
'Invoking: MicroBlaze gcc linker'
mb-gcc -Wl,-T -Wl,../src/lscript.ld -L../../serial_Adder_bsp/microblaze_0/lib -mlittle-endian -mxl-barrel-shift -mxl-pattern-compare -mcpu=v8.50.c -mno-xl-soft-mul -Wl,--no-relax -Wl,--gc-sections -o "Serial_Adder.elf"  ./src/adder.o ./src/platform.o   -Wl,--start-group,-lxil,-lgcc,-lc,--end-group
'Finished building target: Serial_Adder.elf'
' '
'Invoking: MicroBlaze Print Size'
mb-size Serial_Adder.elf  |tee "Serial_Adder.elf.size"
   text	   data	    bss	    dec	    hex	filename
   7766	    324	   2244	  10334	   285e	Serial_Adder.elf
'Finished building: Serial_Adder.elf.size'
' '
'Invoking: Xilinx ELF Check'
elfcheck Serial_Adder.elf -hw ../../XPS_project_hw_platform/system.xml -pe microblaze_0  |tee "Serial_Adder.elf.elfcheck"
elfcheck
Xilinx EDK 14.7 Build EDK_P.20131013
Copyright (c) 1995-2012 Xilinx, Inc.  All rights reserved.

Command Line: elfcheck -hw ../../XPS_project_hw_platform/system.xml -pe
microblaze_0 Serial_Adder.elf 

ELF file	: Serial_Adder.elf
elfcheck passed.
'Finished building: Serial_Adder.elf.elfcheck'
' '
20:04:00 **** Auto Build of project serial_Adder_bsp ****
make -k all 
'Finished building libraries'
20:04:43 **** Incremental Build of configuration Debug for project Serial_Adder ****
make all 
make: `all' için hiçbir þey yapýlmadý.
20:05:26 **** Incremental Build of configuration Debug for project Serial_Adder ****
make all 
make: `all' için hiçbir þey yapýlmadý.
20:06:57 **** Auto Build of configuration Debug for project Serial_Adder ****
make all 
'Building file: ../src/adder.c'
'Invoking: MicroBlaze gcc compiler'
mb-gcc -Wall -O0 -g3 -c -fmessage-length=0 -I../../serial_Adder_bsp/microblaze_0/include -mlittle-endian -mxl-barrel-shift -mxl-pattern-compare -mcpu=v8.50.c -mno-xl-soft-mul -Wl,--no-relax -ffunction-sections -fdata-sections -MMD -MP -MF"src/adder.d" -MT"src/adder.d" -o "src/adder.o" "../src/adder.c"
'Finished building: ../src/adder.c'
' '
'Building target: Serial_Adder.elf'
'Invoking: MicroBlaze gcc linker'
mb-gcc -Wl,-T -Wl,../src/lscript.ld -L../../serial_Adder_bsp/microblaze_0/lib -mlittle-endian -mxl-barrel-shift -mxl-pattern-compare -mcpu=v8.50.c -mno-xl-soft-mul -Wl,--no-relax -Wl,--gc-sections -o "Serial_Adder.elf"  ./src/adder.o ./src/platform.o   -Wl,--start-group,-lxil,-lgcc,-lc,--end-group
'Finished building target: Serial_Adder.elf'
' '
'Invoking: MicroBlaze Print Size'
mb-size Serial_Adder.elf  |tee "Serial_Adder.elf.size"
   text	   data	    bss	    dec	    hex	filename
   7798	    324	   2244	  10366	   287e	Serial_Adder.elf
'Finished building: Serial_Adder.elf.size'
' '
'Invoking: Xilinx ELF Check'
elfcheck Serial_Adder.elf -hw ../../XPS_project_hw_platform/system.xml -pe microblaze_0  |tee "Serial_Adder.elf.elfcheck"
elfcheck
Xilinx EDK 14.7 Build EDK_P.20131013
Copyright (c) 1995-2012 Xilinx, Inc.  All rights reserved.

Command Line: elfcheck -hw ../../XPS_project_hw_platform/system.xml -pe
microblaze_0 Serial_Adder.elf 

ELF file	: Serial_Adder.elf
elfcheck passed.
'Finished building: Serial_Adder.elf.elfcheck'
' '
20:07:18 **** Incremental Build of configuration Debug for project Serial_Adder ****
make all 
make: `all' için hiçbir þey yapýlmadý.
